// Jest Snapshot v1, https://goo.gl/fbAQLP

exports[`<TodoItem /> should match the snapshot 1`] = `
ShallowWrapper {
  Symbol(enzyme.__root__): [Circular],
  Symbol(enzyme.__unrendered__): <TodoItem />,
  Symbol(enzyme.__renderer__): Object {
    "batchedUpdates": [Function],
    "getNode": [Function],
    "render": [Function],
    "simulateError": [Function],
    "simulateEvent": [Function],
    "unmount": [Function],
  },
  Symbol(enzyme.__node__): Object {
    "instance": null,
    "key": undefined,
    "nodeType": "host",
    "props": Object {
      "children": Array [
        <label
          className="c-todo-item__task"
        >
          <input
            onClick={[Function]}
            type="checkbox"
          />
          <span
            className="c-todo-item__content"
          />
        </label>,
        <button
          className="c-todo-item__delete"
          data-behavior="delete"
        >
          Delete
        </button>,
      ],
      "className": "c-todo-item",
    },
    "ref": null,
    "rendered": Array [
      Object {
        "instance": null,
        "key": undefined,
        "nodeType": "host",
        "props": Object {
          "children": Array [
            <input
              onClick={[Function]}
              type="checkbox"
            />,
            <span
              className="c-todo-item__content"
            />,
          ],
          "className": "c-todo-item__task",
        },
        "ref": null,
        "rendered": Array [
          Object {
            "instance": null,
            "key": undefined,
            "nodeType": "host",
            "props": Object {
              "onClick": [Function],
              "type": "checkbox",
            },
            "ref": null,
            "rendered": null,
            "type": "input",
          },
          Object {
            "instance": null,
            "key": undefined,
            "nodeType": "host",
            "props": Object {
              "children": undefined,
              "className": "c-todo-item__content",
            },
            "ref": null,
            "rendered": null,
            "type": "span",
          },
        ],
        "type": "label",
      },
      Object {
        "instance": null,
        "key": undefined,
        "nodeType": "host",
        "props": Object {
          "children": "Delete",
          "className": "c-todo-item__delete",
          "data-behavior": "delete",
          "onClick": undefined,
        },
        "ref": null,
        "rendered": "Delete",
        "type": "button",
      },
    ],
    "type": "div",
  },
  Symbol(enzyme.__nodes__): Array [
    Object {
      "instance": null,
      "key": undefined,
      "nodeType": "host",
      "props": Object {
        "children": Array [
          <label
            className="c-todo-item__task"
          >
            <input
              onClick={[Function]}
              type="checkbox"
            />
            <span
              className="c-todo-item__content"
            />
          </label>,
          <button
            className="c-todo-item__delete"
            data-behavior="delete"
          >
            Delete
          </button>,
        ],
        "className": "c-todo-item",
      },
      "ref": null,
      "rendered": Array [
        Object {
          "instance": null,
          "key": undefined,
          "nodeType": "host",
          "props": Object {
            "children": Array [
              <input
                onClick={[Function]}
                type="checkbox"
              />,
              <span
                className="c-todo-item__content"
              />,
            ],
            "className": "c-todo-item__task",
          },
          "ref": null,
          "rendered": Array [
            Object {
              "instance": null,
              "key": undefined,
              "nodeType": "host",
              "props": Object {
                "onClick": [Function],
                "type": "checkbox",
              },
              "ref": null,
              "rendered": null,
              "type": "input",
            },
            Object {
              "instance": null,
              "key": undefined,
              "nodeType": "host",
              "props": Object {
                "children": undefined,
                "className": "c-todo-item__content",
              },
              "ref": null,
              "rendered": null,
              "type": "span",
            },
          ],
          "type": "label",
        },
        Object {
          "instance": null,
          "key": undefined,
          "nodeType": "host",
          "props": Object {
            "children": "Delete",
            "className": "c-todo-item__delete",
            "data-behavior": "delete",
            "onClick": undefined,
          },
          "ref": null,
          "rendered": "Delete",
          "type": "button",
        },
      ],
      "type": "div",
    },
  ],
  Symbol(enzyme.__options__): Object {
    "adapter": ReactSixteenAdapter {
      "options": Object {
        "enableComponentDidUpdateOnSetState": true,
        "lifecycles": Object {
          "componentDidUpdate": Object {
            "onSetState": true,
          },
          "getDerivedStateFromProps": true,
          "getSnapshotBeforeUpdate": true,
          "setState": Object {
            "skipsComponentDidUpdateOnNullish": true,
          },
        },
      },
    },
  },
}
`;
